
File: C:\Users\user\Desktop\studioAI\parse_eslint.js
  1:12 - A `require()` style import is forbidden. (@typescript-eslint/no-require-imports)

File: C:\Users\user\Desktop\studioAI\src\app\api\audio\generate\route.ts
  170:13 - 'audioUrl' is never reassigned. Use 'const' instead. (prefer-const)

File: C:\Users\user\Desktop\studioAI\src\app\api\video\generate\route.ts
  71:28 - Unexpected any. Specify a different type. (@typescript-eslint/no-explicit-any)

File: C:\Users\user\Desktop\studioAI\src\app\audio\page.tsx
  18:13 - Error: Calling setState synchronously within an effect can trigger cascading renders

Effects are intended to synchronize state between React and external systems such as manually updating the DOM, state management libraries, or other platform APIs. In general, the body of an effect should do one or both of the following:
* Update external systems with the latest state from React.
* Subscribe for updates from some external system, calling setState in a callback function when external state changes.

Calling setState synchronously within an effect body causes cascading renders that can hurt performance, and is not recommended. (https://react.dev/learn/you-might-not-need-an-effect).

C:\Users\user\Desktop\studioAI\src\app\audio\page.tsx:18:13
  16 |     useEffect(() => {
  17 |         if (currentProject && currentProject.scenes.length > 0) {
> 18 |             setViewMode('generation');
     |             ^^^^^^^^^^^ Avoid calling setState() directly within an effect
  19 |         }
  20 |     }, [currentProject]);
  21 | (react-hooks/set-state-in-effect)
  91:36 - `'` can be escaped with `&apos;`, `&lsquo;`, `&#39;`, `&rsquo;`. (react/no-unescaped-entities)
  91:47 - `'` can be escaped with `&apos;`, `&lsquo;`, `&#39;`, `&rsquo;`. (react/no-unescaped-entities)

File: C:\Users\user\Desktop\studioAI\src\app\preview\page.tsx
  37:21 - Error: Cannot access variable before it is declared

`handleNext` is accessed before it is declared, which prevents the earlier access from updating when this value changes over time.

C:\Users\user\Desktop\studioAI\src\app\preview\page.tsx:37:21
  35 |                 // If no audio, just wait 3 seconds then move next
  36 |                 const timer = setTimeout(() => {
> 37 |                     handleNext();
     |                     ^^^^^^^^^^ `handleNext` accessed before it is declared
  38 |                 }, 3000);
  39 |                 return () => clearTimeout(timer);
  40 |             }

C:\Users\user\Desktop\studioAI\src\app\preview\page.tsx:63:5
  61 |     };
  62 |
> 63 |     const handleNext = () => {
     |     ^^^^^^^^^^^^^^^^^^^^^^^^^^
> 64 |         if (currentIndex < scenes.length - 1) {
     | ^^^^^^^^^^^^^^^^^^^^^^^^^^^^^^^^^^^^^^^^^^^^^^^
> 65 |             setCurrentIndex(prev => prev + 1);
     | ^^^^^^^^^^^^^^^^^^^^^^^^^^^^^^^^^^^^^^^^^^^^^^^
> 66 |         } else {
     | ^^^^^^^^^^^^^^^^^^^^^^^^^^^^^^^^^^^^^^^^^^^^^^^
> 67 |             setIsPlaying(false);
     | ^^^^^^^^^^^^^^^^^^^^^^^^^^^^^^^^^^^^^^^^^^^^^^^
> 68 |         }
     | ^^^^^^^^^^^^^^^^^^^^^^^^^^^^^^^^^^^^^^^^^^^^^^^
> 69 |     };
     | ^^^^^^^ `handleNext` is declared here
  70 |
  71 |     const handlePrev = () => {
  72 |         if (currentIndex > 0) { (react-hooks/immutability)

File: C:\Users\user\Desktop\studioAI\src\app\prompt-generation\page.tsx
  200:51 - `"` can be escaped with `&quot;`, `&ldquo;`, `&#34;`, `&rdquo;`. (react/no-unescaped-entities)
  200:53 - `"` can be escaped with `&quot;`, `&ldquo;`, `&#34;`, `&rdquo;`. (react/no-unescaped-entities)
  200:58 - `"` can be escaped with `&quot;`, `&ldquo;`, `&#34;`, `&rdquo;`. (react/no-unescaped-entities)
  200:75 - `"` can be escaped with `&quot;`, `&ldquo;`, `&#34;`, `&rdquo;`. (react/no-unescaped-entities)
  201:63 - `"` can be escaped with `&quot;`, `&ldquo;`, `&#34;`, `&rdquo;`. (react/no-unescaped-entities)
  201:70 - `"` can be escaped with `&quot;`, `&ldquo;`, `&#34;`, `&rdquo;`. (react/no-unescaped-entities)
  201:73 - `"` can be escaped with `&quot;`, `&ldquo;`, `&#34;`, `&rdquo;`. (react/no-unescaped-entities)
  201:81 - `"` can be escaped with `&quot;`, `&ldquo;`, `&#34;`, `&rdquo;`. (react/no-unescaped-entities)
  202:53 - `"` can be escaped with `&quot;`, `&ldquo;`, `&#34;`, `&rdquo;`. (react/no-unescaped-entities)
  202:59 - `"` can be escaped with `&quot;`, `&ldquo;`, `&#34;`, `&rdquo;`. (react/no-unescaped-entities)
  202:62 - `"` can be escaped with `&quot;`, `&ldquo;`, `&#34;`, `&rdquo;`. (react/no-unescaped-entities)
  202:69 - `"` can be escaped with `&quot;`, `&ldquo;`, `&#34;`, `&rdquo;`. (react/no-unescaped-entities)
  202:72 - `"` can be escaped with `&quot;`, `&ldquo;`, `&#34;`, `&rdquo;`. (react/no-unescaped-entities)
  202:78 - `"` can be escaped with `&quot;`, `&ldquo;`, `&#34;`, `&rdquo;`. (react/no-unescaped-entities)

File: C:\Users\user\Desktop\studioAI\src\components\editor\Timeline\Timeline.tsx
  58:61 - Error: Cannot access refs during render

React refs are values that are not needed for rendering. Refs should only be accessed outside of render, such as in event handlers or effects. Accessing a ref value (the `current` property) during render can cause your component not to update as expected (https://react.dev/reference/react/useRef).

C:\Users\user\Desktop\studioAI\src\components\editor\Timeline\Timeline.tsx:58:61
  56 |                 <div
  57 |                     className="min-h-full relative"
> 58 |                     style={{ width: `${Math.max(totalWidth, containerRef.current?.clientWidth || 0)}px` }}
     |                                                             ^^^^^^^^^^^^^^^^^^^^ Cannot access ref value during render
  59 |                 >
  60 |                     {/* Time Ruler Background (Optional Grid) */}
  61 |                     <div className="absolute inset-0 pointer-events-none opacity-10" (react-hooks/refs)
  58:61 - Error: Cannot access refs during render

React refs are values that are not needed for rendering. Refs should only be accessed outside of render, such as in event handlers or effects. Accessing a ref value (the `current` property) during render can cause your component not to update as expected (https://react.dev/reference/react/useRef).

C:\Users\user\Desktop\studioAI\src\components\editor\Timeline\Timeline.tsx:58:61
  56 |                 <div
  57 |                     className="min-h-full relative"
> 58 |                     style={{ width: `${Math.max(totalWidth, containerRef.current?.clientWidth || 0)}px` }}
     |                                                             ^^^^^^^^^^^^^^^^^^^^^^^^^^^^^^^^^ Cannot access ref value during render
  59 |                 >
  60 |                     {/* Time Ruler Background (Optional Grid) */}
  61 |                     <div className="absolute inset-0 pointer-events-none opacity-10" (react-hooks/refs)
  58:61 - Error: Cannot access refs during render

React refs are values that are not needed for rendering. Refs should only be accessed outside of render, such as in event handlers or effects. Accessing a ref value (the `current` property) during render can cause your component not to update as expected (https://react.dev/reference/react/useRef).

C:\Users\user\Desktop\studioAI\src\components\editor\Timeline\Timeline.tsx:58:61
  56 |                 <div
  57 |                     className="min-h-full relative"
> 58 |                     style={{ width: `${Math.max(totalWidth, containerRef.current?.clientWidth || 0)}px` }}
     |                                                             ^^^^^^^^^^^^^^^^^^^^^^^^^^^^^^^^^^^^^^ Passing a ref to a function may read its value during render
  59 |                 >
  60 |                     {/* Time Ruler Background (Optional Grid) */}
  61 |                     <div className="absolute inset-0 pointer-events-none opacity-10" (react-hooks/refs)

File: C:\Users\user\Desktop\studioAI\src\components\layout\LibraryPanel.tsx
  28:5 - React Hook "useEffect" is called conditionally. React Hooks must be called in the exact same order in every component render. (react-hooks/rules-of-hooks)
  131:74 - Unexpected any. Specify a different type. (@typescript-eslint/no-explicit-any)

File: C:\Users\user\Desktop\studioAI\src\components\library\ProjectManager.tsx
  110:95 - Error: Cannot call impure function during render

`Date.now` is an impure function. Calling an impure function can produce unstable results that update unpredictably when the component happens to re-render. (https://react.dev/reference/rules/components-and-hooks-must-be-pure#components-and-hooks-must-be-idempotent).

C:\Users\user\Desktop\studioAI\src\components\library\ProjectManager.tsx:110:95
  108 |                                             </div>
  109 |                                             <p className="text-xs text-gray-400">
> 110 |                                                 Last modified: {new Date(project.updatedAt || Date.now()).toLocaleDateString()}
      |                                                                                               ^^^^^^^^^^ Cannot call impure function
  111 |                                             </p>
  112 |                                         </div>
  113 | (react-hooks/purity)

File: C:\Users\user\Desktop\studioAI\src\components\settings\SettingsModal.tsx
  32:13 - Error: Calling setState synchronously within an effect can trigger cascading renders

Effects are intended to synchronize state between React and external systems such as manually updating the DOM, state management libraries, or other platform APIs. In general, the body of an effect should do one or both of the following:
* Update external systems with the latest state from React.
* Subscribe for updates from some external system, calling setState in a callback function when external state changes.

Calling setState synchronously within an effect body causes cascading renders that can hurt performance, and is not recommended. (https://react.dev/learn/you-might-not-need-an-effect).

C:\Users\user\Desktop\studioAI\src\components\settings\SettingsModal.tsx:32:13
  30 |     useEffect(() => {
  31 |         if (isOpen) {
> 32 |             setLocalOpenAi(openaiKey);
     |             ^^^^^^^^^^^^^^ Avoid calling setState() directly within an effect
  33 |             setLocalFal(falKey);
  34 |             setLocalGoogle(googleCredentials);
  35 |             setLocalKie(kieKey); (react-hooks/set-state-in-effect)

File: C:\Users\user\Desktop\studioAI\src\components\ui\Input.tsx
  9:18 - An interface declaring no members is equivalent to its supertype. (@typescript-eslint/no-empty-object-type)
  29:18 - An interface declaring no members is equivalent to its supertype. (@typescript-eslint/no-empty-object-type)

Total Errors: 30

